Archive member included because of file (symbol)

D:\perforce\sdk\teams\orange\feature3\s3e\edk\lib\android\libedk.a(IwDebug.o)
                              debug\s3eWebView_platform.os (IwDebugTraceSetTraceChannel)
D:\perforce\sdk\teams\orange\feature3\s3e\edk\lib\android\libedk.a(edk_helpers.o)
                              debug\s3eWebView_platform.os (s3eEdkThreadRunOnOS)

Discarded input sections

 .group         0x00000000       0x10 debug\s3eWebView_platform.os
 .group         0x00000000       0x10 debug\s3eWebView_platform.os
 .group         0x00000000       0x10 debug\s3eWebView_platform.os
 .group         0x00000000       0x10 debug\s3eWebView_platform.os
 .group         0x00000000       0x10 debug\s3eWebView_platform.os
 .group         0x00000000       0x10 debug\s3eWebView_platform.os
 .group         0x00000000       0x10 debug\s3eWebView_platform.os
 .group         0x00000000       0x10 debug\s3eWebView_platform.os
 .group         0x00000000       0x10 debug\s3eWebView_platform.os
 .group         0x00000000       0x10 debug\s3eWebView_platform.os
 .group         0x00000000       0x10 debug\s3eWebView_platform.os
 .group         0x00000000       0x10 debug\s3eWebView_platform.os
 .group         0x00000000       0x10 debug\s3eWebView_platform.os
 .group         0x00000000       0x10 debug\s3eWebView_platform.os
 .group         0x00000000       0x10 debug\s3eWebView_platform.os
 .group         0x00000000       0x10 debug\s3eWebView_platform.os
 .text          0x00000000        0x0 debug\s3eWebView_platform.os
 .data          0x00000000        0x0 debug\s3eWebView_platform.os
 .ARM.extab.text._ZL15s3eEdkJNIGetEnvv
                0x00000000        0x0 debug\s3eWebView_platform.os
 .ARM.extab.text._ZL27s3eEdkAndroidFindClass_realPKc
                0x00000000        0x0 debug\s3eWebView_platform.os
 .ARM.extab.text._ZL22s3eEdkAndroidFindClassPKc
                0x00000000        0x0 debug\s3eWebView_platform.os
 .ARM.extab.text._ZL17s3eWebViewLoadingP7_JNIEnvP8_jobjectiP8_jstring
                0x00000000        0x0 debug\s3eWebView_platform.os
 .ARM.extab.text._ZL16s3eWebViewLoadedP7_JNIEnvP8_jobjectiP8_jstring
                0x00000000        0x0 debug\s3eWebView_platform.os
 .ARM.extab.text._ZL14s3eWebViewExecP7_JNIEnvP8_jobjectiP8_jstring
                0x00000000        0x0 debug\s3eWebView_platform.os
 .ARM.extab.text._ZL16s3eWebViewFailedP7_JNIEnvP8_jobjectiP8_jstring
                0x00000000        0x0 debug\s3eWebView_platform.os
 .ARM.extab.text._Z28s3eWebViewTerminate_platformv
                0x00000000        0x0 debug\s3eWebView_platform.os
 .ARM.extab.text._Z25s3eWebViewCreate_platformh
                0x00000000        0x0 debug\s3eWebView_platform.os
 .ARM.extab.text._Z26s3eWebViewDestroy_platformP10s3eWebView
                0x00000000        0x0 debug\s3eWebView_platform.os
 .ARM.extab.text._Z23s3eWebViewHide_platformP10s3eWebView
                0x00000000        0x0 debug\s3eWebView_platform.os
 .ARM.extab.text._Z23s3eWebViewShow_platformP10s3eWebViewiiii15s3eWebViewFlags
                0x00000000        0x0 debug\s3eWebView_platform.os
 .ARM.extab.text._Z29s3eWebViewClearCache_platformP10s3eWebView
                0x00000000        0x0 debug\s3eWebView_platform.os
 .ARM.extab.text._Z30s3eWebViewCreateModal_platformPKc
                0x00000000        0x0 debug\s3eWebView_platform.os
 .ARM.extab.text._Z27s3eWebViewNavigate_platformP10s3eWebViewPKc
                0x00000000        0x0 debug\s3eWebView_platform.os
 .ARM.extab.text._Z33s3eWebViewSendJavaScript_platformP10s3eWebViewPKc
                0x00000000        0x0 debug\s3eWebView_platform.os
 .ARM.extab.text._Z25s3eWebViewResize_platformP10s3eWebViewiiii
                0x00000000        0x0 debug\s3eWebView_platform.os
 .ARM.extab.text._Z36s3eWebViewGetHandleProperty_platformP10s3eWebView24s3eWebViewHandleProperty
                0x00000000        0x0 debug\s3eWebView_platform.os
 .note.GNU-stack
                0x00000000        0x0 debug\s3eWebView_platform.os
 .text          0x00000000        0x0 debug\s3eWebView.os
 .data          0x00000000        0x0 debug\s3eWebView.os
 .bss           0x00000000        0x0 debug\s3eWebView.os
 .ARM.extab.text.s3eWebViewRegister
                0x00000000        0x0 debug\s3eWebView.os
 .ARM.extab.text.s3eWebViewUnRegister
                0x00000000        0x0 debug\s3eWebView.os
 .ARM.extab.text.s3eWebViewCreate
                0x00000000        0x0 debug\s3eWebView.os
 .ARM.extab.text.s3eWebViewDestroy
                0x00000000        0x0 debug\s3eWebView.os
 .ARM.extab.text.s3eWebViewHide
                0x00000000        0x0 debug\s3eWebView.os
 .ARM.extab.text.s3eWebViewShow
                0x00000000        0x0 debug\s3eWebView.os
 .ARM.extab.text.s3eWebViewCreateModal
                0x00000000        0x0 debug\s3eWebView.os
 .ARM.extab.text.s3eWebViewNavigate
                0x00000000        0x0 debug\s3eWebView.os
 .ARM.extab.text.s3eWebViewClearCache
                0x00000000        0x0 debug\s3eWebView.os
 .ARM.extab.text.s3eWebViewSendJavaScript
                0x00000000        0x0 debug\s3eWebView.os
 .ARM.extab.text.s3eWebViewResize
                0x00000000        0x0 debug\s3eWebView.os
 .ARM.extab.text.s3eWebViewGetHandleProperty
                0x00000000        0x0 debug\s3eWebView.os
 .note.GNU-stack
                0x00000000        0x0 debug\s3eWebView.os
 .text          0x00000000        0x0 debug\s3eWebView_register.os
 .data          0x00000000        0x0 debug\s3eWebView_register.os
 .bss           0x00000000        0x0 debug\s3eWebView_register.os
 .ARM.extab.text.s3eWebViewGetErrorString
                0x00000000        0x0 debug\s3eWebView_register.os
 .ARM.extab.text._ZL21s3eWebViewCreate_wraph
                0x00000000        0x0 debug\s3eWebView_register.os
 .ARM.extab.text._ZL23s3eWebViewNavigate_wrapP10s3eWebViewPKc
                0x00000000        0x0 debug\s3eWebView_register.os
 .ARM.extab.text._ZL22s3eWebViewDestroy_wrapP10s3eWebView
                0x00000000        0x0 debug\s3eWebView_register.os
 .ARM.extab.text._ZL19s3eWebViewHide_wrapP10s3eWebView
                0x00000000        0x0 debug\s3eWebView_register.os
 .ARM.extab.text._ZL19s3eWebViewShow_wrapP10s3eWebViewiiii15s3eWebViewFlags
                0x00000000        0x0 debug\s3eWebView_register.os
 .ARM.extab.text._ZL25s3eWebViewClearCache_wrapP10s3eWebView
                0x00000000        0x0 debug\s3eWebView_register.os
 .ARM.extab.text._ZL29s3eWebViewSendJavaScript_wrapP10s3eWebViewPKc
                0x00000000        0x0 debug\s3eWebView_register.os
 .ARM.extab.text._ZL21s3eWebViewResize_wrapP10s3eWebViewiiii
                0x00000000        0x0 debug\s3eWebView_register.os
 .ARM.extab.text._ZL32s3eWebViewGetHandleProperty_wrapP10s3eWebView24s3eWebViewHandleProperty
                0x00000000        0x0 debug\s3eWebView_register.os
 .ARM.extab.text._Z21s3eWebViewRegisterExtv
                0x00000000        0x0 debug\s3eWebView_register.os
 .note.GNU-stack
                0x00000000        0x0 debug\s3eWebView_register.os
 .text          0x00000000        0x0 D:\perforce\sdk\teams\orange\feature3\s3e\edk\lib\android\libedk.a(IwDebug.o)
 .data          0x00000000        0x0 D:\perforce\sdk\teams\orange\feature3\s3e\edk\lib\android\libedk.a(IwDebug.o)
 .text.IwAssertRegisterTextCallback
                0x00000000       0x18 D:\perforce\sdk\teams\orange\feature3\s3e\edk\lib\android\libedk.a(IwDebug.o)
 .ARM.extab.text.IwAssertRegisterTextCallback
                0x00000000        0x0 D:\perforce\sdk\teams\orange\feature3\s3e\edk\lib\android\libedk.a(IwDebug.o)
 .ARM.exidx.text.IwAssertRegisterTextCallback
                0x00000000        0x8 D:\perforce\sdk\teams\orange\feature3\s3e\edk\lib\android\libedk.a(IwDebug.o)
 .text.IwAssertRegisterCallback
                0x00000000       0x18 D:\perforce\sdk\teams\orange\feature3\s3e\edk\lib\android\libedk.a(IwDebug.o)
 .ARM.extab.text.IwAssertRegisterCallback
                0x00000000        0x0 D:\perforce\sdk\teams\orange\feature3\s3e\edk\lib\android\libedk.a(IwDebug.o)
 .ARM.exidx.text.IwAssertRegisterCallback
                0x00000000        0x8 D:\perforce\sdk\teams\orange\feature3\s3e\edk\lib\android\libedk.a(IwDebug.o)
 .ARM.extab.text.IwDebugTraceSetTraceChannel
                0x00000000        0x0 D:\perforce\sdk\teams\orange\feature3\s3e\edk\lib\android\libedk.a(IwDebug.o)
 .text.IwDebugErrorRegisterCallback
                0x00000000       0x18 D:\perforce\sdk\teams\orange\feature3\s3e\edk\lib\android\libedk.a(IwDebug.o)
 .ARM.extab.text.IwDebugErrorRegisterCallback
                0x00000000        0x0 D:\perforce\sdk\teams\orange\feature3\s3e\edk\lib\android\libedk.a(IwDebug.o)
 .ARM.exidx.text.IwDebugErrorRegisterCallback
                0x00000000        0x8 D:\perforce\sdk\teams\orange\feature3\s3e\edk\lib\android\libedk.a(IwDebug.o)
 .text.IwDebugAssertSetUID
                0x00000000       0x10 D:\perforce\sdk\teams\orange\feature3\s3e\edk\lib\android\libedk.a(IwDebug.o)
 .ARM.extab.text.IwDebugAssertSetUID
                0x00000000        0x0 D:\perforce\sdk\teams\orange\feature3\s3e\edk\lib\android\libedk.a(IwDebug.o)
 .ARM.exidx.text.IwDebugAssertSetUID
                0x00000000        0x8 D:\perforce\sdk\teams\orange\feature3\s3e\edk\lib\android\libedk.a(IwDebug.o)
 .ARM.extab.text._GLOBAL__I_g_DebugGlobals
                0x00000000        0x0 D:\perforce\sdk\teams\orange\feature3\s3e\edk\lib\android\libedk.a(IwDebug.o)
 .text.IwDebugClearConfigCache
                0x00000000       0x80 D:\perforce\sdk\teams\orange\feature3\s3e\edk\lib\android\libedk.a(IwDebug.o)
 .ARM.extab.text.IwDebugClearConfigCache
                0x00000000        0x0 D:\perforce\sdk\teams\orange\feature3\s3e\edk\lib\android\libedk.a(IwDebug.o)
 .ARM.exidx.text.IwDebugClearConfigCache
                0x00000000        0x8 D:\perforce\sdk\teams\orange\feature3\s3e\edk\lib\android\libedk.a(IwDebug.o)
 .text.IwDebugErrorShow
                0x00000000       0xdc D:\perforce\sdk\teams\orange\feature3\s3e\edk\lib\android\libedk.a(IwDebug.o)
 .ARM.extab.text.IwDebugErrorShow
                0x00000000        0xc D:\perforce\sdk\teams\orange\feature3\s3e\edk\lib\android\libedk.a(IwDebug.o)
 .ARM.exidx.text.IwDebugErrorShow
                0x00000000        0x8 D:\perforce\sdk\teams\orange\feature3\s3e\edk\lib\android\libedk.a(IwDebug.o)
 .ARM.extab.text.IwDebugTraceIsChannelOn
                0x00000000        0x0 D:\perforce\sdk\teams\orange\feature3\s3e\edk\lib\android\libedk.a(IwDebug.o)
 .text.IwDebugAssertIsChannelOn
                0x00000000      0x1d0 D:\perforce\sdk\teams\orange\feature3\s3e\edk\lib\android\libedk.a(IwDebug.o)
 .ARM.extab.text.IwDebugAssertIsChannelOn
                0x00000000        0x0 D:\perforce\sdk\teams\orange\feature3\s3e\edk\lib\android\libedk.a(IwDebug.o)
 .ARM.exidx.text.IwDebugAssertIsChannelOn
                0x00000000        0x8 D:\perforce\sdk\teams\orange\feature3\s3e\edk\lib\android\libedk.a(IwDebug.o)
 .text.IwDebugTraceDisable
                0x00000000       0x1c D:\perforce\sdk\teams\orange\feature3\s3e\edk\lib\android\libedk.a(IwDebug.o)
 .ARM.extab.text.IwDebugTraceDisable
                0x00000000        0xc D:\perforce\sdk\teams\orange\feature3\s3e\edk\lib\android\libedk.a(IwDebug.o)
 .ARM.exidx.text.IwDebugTraceDisable
                0x00000000        0x8 D:\perforce\sdk\teams\orange\feature3\s3e\edk\lib\android\libedk.a(IwDebug.o)
 .text.IwDebugAssertSetMessage
                0x00000000       0xe4 D:\perforce\sdk\teams\orange\feature3\s3e\edk\lib\android\libedk.a(IwDebug.o)
 .ARM.extab.text.IwDebugAssertSetMessage
                0x00000000        0xc D:\perforce\sdk\teams\orange\feature3\s3e\edk\lib\android\libedk.a(IwDebug.o)
 .ARM.exidx.text.IwDebugAssertSetMessage
                0x00000000        0x8 D:\perforce\sdk\teams\orange\feature3\s3e\edk\lib\android\libedk.a(IwDebug.o)
 .text.IwDebugAssertSetSolution
                0x00000000       0x90 D:\perforce\sdk\teams\orange\feature3\s3e\edk\lib\android\libedk.a(IwDebug.o)
 .ARM.extab.text.IwDebugAssertSetSolution
                0x00000000        0xc D:\perforce\sdk\teams\orange\feature3\s3e\edk\lib\android\libedk.a(IwDebug.o)
 .ARM.exidx.text.IwDebugAssertSetSolution
                0x00000000        0x8 D:\perforce\sdk\teams\orange\feature3\s3e\edk\lib\android\libedk.a(IwDebug.o)
 .text.IwDebugAssertShow
                0x00000000      0x2e8 D:\perforce\sdk\teams\orange\feature3\s3e\edk\lib\android\libedk.a(IwDebug.o)
 .ARM.extab.text.IwDebugAssertShow
                0x00000000        0x0 D:\perforce\sdk\teams\orange\feature3\s3e\edk\lib\android\libedk.a(IwDebug.o)
 .ARM.exidx.text.IwDebugAssertShow
                0x00000000        0x8 D:\perforce\sdk\teams\orange\feature3\s3e\edk\lib\android\libedk.a(IwDebug.o)
 .text.IwDebugTraceChannelSwitch
                0x00000000      0x458 D:\perforce\sdk\teams\orange\feature3\s3e\edk\lib\android\libedk.a(IwDebug.o)
 .ARM.extab.text.IwDebugTraceChannelSwitch
                0x00000000        0x0 D:\perforce\sdk\teams\orange\feature3\s3e\edk\lib\android\libedk.a(IwDebug.o)
 .ARM.exidx.text.IwDebugTraceChannelSwitch
                0x00000000        0x8 D:\perforce\sdk\teams\orange\feature3\s3e\edk\lib\android\libedk.a(IwDebug.o)
 .note.GNU-stack
                0x00000000        0x0 D:\perforce\sdk\teams\orange\feature3\s3e\edk\lib\android\libedk.a(IwDebug.o)
 .text          0x00000000        0x0 D:\perforce\sdk\teams\orange\feature3\s3e\edk\lib\android\libedk.a(edk_helpers.o)
 .data          0x00000000        0x0 D:\perforce\sdk\teams\orange\feature3\s3e\edk\lib\android\libedk.a(edk_helpers.o)
 .bss           0x00000000        0x0 D:\perforce\sdk\teams\orange\feature3\s3e\edk\lib\android\libedk.a(edk_helpers.o)
 .text.s3eEdkThreadRunOnOSAsync
                0x00000000       0x30 D:\perforce\sdk\teams\orange\feature3\s3e\edk\lib\android\libedk.a(edk_helpers.o)
 .ARM.extab.text.s3eEdkThreadRunOnOSAsync
                0x00000000        0xc D:\perforce\sdk\teams\orange\feature3\s3e\edk\lib\android\libedk.a(edk_helpers.o)
 .ARM.exidx.text.s3eEdkThreadRunOnOSAsync
                0x00000000        0x8 D:\perforce\sdk\teams\orange\feature3\s3e\edk\lib\android\libedk.a(edk_helpers.o)
 .text.s3eEdkErrorSetString
                0x00000000       0x30 D:\perforce\sdk\teams\orange\feature3\s3e\edk\lib\android\libedk.a(edk_helpers.o)
 .ARM.extab.text.s3eEdkErrorSetString
                0x00000000        0xc D:\perforce\sdk\teams\orange\feature3\s3e\edk\lib\android\libedk.a(edk_helpers.o)
 .ARM.exidx.text.s3eEdkErrorSetString
                0x00000000        0x8 D:\perforce\sdk\teams\orange\feature3\s3e\edk\lib\android\libedk.a(edk_helpers.o)
 .note.GNU-stack
                0x00000000        0x0 D:\perforce\sdk\teams\orange\feature3\s3e\edk\lib\android\libedk.a(edk_helpers.o)

Memory Configuration

Name             Origin             Length             Attributes
*default*        0x00000000         0xffffffff

Linker script and memory map

LOAD debug\s3eWebView_platform.os
LOAD debug\s3eWebView.os
LOAD debug\s3eWebView_register.os
LOAD D:\perforce\sdk\teams\orange\feature3\s3e\edk\lib\android\libedk.a
LOAD D:\perforce\sdk\teams\orange\feature3\s3e\edk\lib\android/libplaceholderplaceholderplaceholderplaceholderplaceholder.so
LOAD D:\perforce\sdk\teams\orange\feature3\platform_libs\android\arch-arm\usr\lib/libc.so
LOAD D:\perforce\sdk\teams\orange\feature3\platform_libs\android\arch-arm\usr\lib/libm.so
LOAD D:\perforce\sdk\teams\orange\feature3\platform_libs\android\arch-arm\usr\lib/liblog.so
LOAD D:\perforce\sdk\teams\orange\feature3\platform_libs\android\gnu-libstdc++\libs\armeabi\libstdc++.a
LOAD c:/marmalade/archives/arm-2010q1-202-arm-none-linux-gnueabi-i686-mingw32-tar-bz2/bin/../lib/gcc/arm-none-linux-gnueabi/4.4.1\libgcc.a
                0x000000d4                . = (0x0 + SIZEOF_HEADERS)

.note.gnu.build-id
 *(.note.gnu.build-id)

.hash           0x000000d4      0x154
 *(.hash)
 .hash          0x000000d4      0x154 debug\s3eWebView_platform.os

.gnu.hash
 *(.gnu.hash)

.dynsym         0x00000228      0x2e0
 *(.dynsym)
 .dynsym        0x00000228      0x2e0 debug\s3eWebView_platform.os

.dynstr         0x00000508      0x29c
 *(.dynstr)
 .dynstr        0x00000508      0x29c debug\s3eWebView_platform.os

.gnu.version    0x000007a4        0x0
 *(.gnu.version)
 .gnu.version   0x00000000        0x0 debug\s3eWebView_platform.os

.gnu.version_d  0x000007a4        0x0
 *(.gnu.version_d)
 .gnu.version_d
                0x00000000        0x0 debug\s3eWebView_platform.os

.gnu.version_r  0x000007a4        0x0
 *(.gnu.version_r)
 .gnu.version_r
                0x00000000        0x0 debug\s3eWebView_platform.os

.rel.dyn        0x000007a4      0x4b0
 *(.rel.init)
 *(.rel.text .rel.text.* .rel.gnu.linkonce.t.*)
 .rel.text._ZL22s3eEdkAndroidFindClassPKc
                0x000007a4        0x8 debug\s3eWebView_platform.os
 .rel.text._ZL17s3eWebViewLoadingP7_JNIEnvP8_jobjectiP8_jstring
                0x000007ac       0x20 debug\s3eWebView_platform.os
 .rel.text._ZL16s3eWebViewLoadedP7_JNIEnvP8_jobjectiP8_jstring
                0x000007cc       0x10 debug\s3eWebView_platform.os
 .rel.text._ZL14s3eWebViewExecP7_JNIEnvP8_jobjectiP8_jstring
                0x000007dc       0x10 debug\s3eWebView_platform.os
 .rel.text._ZL16s3eWebViewFailedP7_JNIEnvP8_jobjectiP8_jstring
                0x000007ec       0x10 debug\s3eWebView_platform.os
 .rel.text._Z23s3eWebViewInit_platformv
                0x000007fc      0x158 debug\s3eWebView_platform.os
 .rel.text._Z25s3eWebViewCreate_platformh
                0x00000954       0x10 debug\s3eWebView_platform.os
 .rel.text._Z26s3eWebViewDestroy_platformP10s3eWebView
                0x00000964       0x10 debug\s3eWebView_platform.os
 .rel.text._Z23s3eWebViewHide_platformP10s3eWebView
                0x00000974       0x10 debug\s3eWebView_platform.os
 .rel.text._Z23s3eWebViewShow_platformP10s3eWebViewiiii15s3eWebViewFlags
                0x00000984       0x10 debug\s3eWebView_platform.os
 .rel.text._Z29s3eWebViewClearCache_platformP10s3eWebView
                0x00000994       0x10 debug\s3eWebView_platform.os
 .rel.text._Z30s3eWebViewCreateModal_platformPKc
                0x000009a4       0x10 debug\s3eWebView_platform.os
 .rel.text._Z27s3eWebViewNavigate_platformP10s3eWebViewPKc
                0x000009b4       0x20 debug\s3eWebView_platform.os
 .rel.text._Z33s3eWebViewSendJavaScript_platformP10s3eWebViewPKc
                0x000009d4       0x20 debug\s3eWebView_platform.os
 .rel.text._Z25s3eWebViewResize_platformP10s3eWebViewiiii
                0x000009f4       0x10 debug\s3eWebView_platform.os
 .rel.text._Z36s3eWebViewGetHandleProperty_platformP10s3eWebView24s3eWebViewHandleProperty
                0x00000a04       0x20 debug\s3eWebView_platform.os
 .rel.text.s3eWebViewShow
                0x00000a24       0x10 debug\s3eWebView_platform.os
 .rel.text.s3eWebViewResize
                0x00000a34       0x10 debug\s3eWebView_platform.os
 .rel.text._ZL21s3eWebViewCreate_wraph
                0x00000a44       0x18 debug\s3eWebView_platform.os
 .rel.text._ZL23s3eWebViewNavigate_wrapP10s3eWebViewPKc
                0x00000a5c       0x18 debug\s3eWebView_platform.os
 .rel.text._ZL22s3eWebViewDestroy_wrapP10s3eWebView
                0x00000a74       0x18 debug\s3eWebView_platform.os
 .rel.text._ZL19s3eWebViewHide_wrapP10s3eWebView
                0x00000a8c       0x18 debug\s3eWebView_platform.os
 .rel.text._ZL19s3eWebViewShow_wrapP10s3eWebViewiiii15s3eWebViewFlags
                0x00000aa4       0x18 debug\s3eWebView_platform.os
 .rel.text._ZL25s3eWebViewClearCache_wrapP10s3eWebView
                0x00000abc       0x18 debug\s3eWebView_platform.os
 .rel.text._ZL29s3eWebViewSendJavaScript_wrapP10s3eWebViewPKc
                0x00000ad4       0x18 debug\s3eWebView_platform.os
 .rel.text._ZL21s3eWebViewResize_wrapP10s3eWebViewiiii
                0x00000aec       0x18 debug\s3eWebView_platform.os
 .rel.text._ZL32s3eWebViewGetHandleProperty_wrapP10s3eWebView24s3eWebViewHandleProperty
                0x00000b04       0x18 debug\s3eWebView_platform.os
 .rel.text._Z21s3eWebViewRegisterExtv
                0x00000b1c       0x88 debug\s3eWebView_platform.os
 .rel.text.IwAssertRegisterTextCallback
                0x00000000        0x0 debug\s3eWebView_platform.os
 .rel.text.IwAssertRegisterCallback
                0x00000000        0x0 debug\s3eWebView_platform.os
 .rel.text.IwDebugTraceSetTraceChannel
                0x00000ba4        0x8 debug\s3eWebView_platform.os
 .rel.text.IwDebugErrorRegisterCallback
                0x00000000        0x0 debug\s3eWebView_platform.os
 .rel.text.IwDebugAssertSetUID
                0x00000000        0x0 debug\s3eWebView_platform.os
 .rel.text._GLOBAL__I_g_DebugGlobals
                0x00000bac        0x8 debug\s3eWebView_platform.os
 .rel.text.IwDebugClearConfigCache
                0x00000000        0x0 debug\s3eWebView_platform.os
 .rel.text.IwDebugErrorShow
                0x00000000        0x0 debug\s3eWebView_platform.os
 .rel.text.IwDebugTraceLineVPrintf
                0x00000bb4       0x20 debug\s3eWebView_platform.os
 .rel.text.IwDebugTraceIsChannelOn
                0x00000bd4       0x18 debug\s3eWebView_platform.os
 .rel.text.IwDebugAssertIsChannelOn
                0x00000000        0x0 debug\s3eWebView_platform.os
 .rel.text.IwDebugAssertSetMessage
                0x00000000        0x0 debug\s3eWebView_platform.os
 .rel.text.IwDebugAssertSetSolution
                0x00000000        0x0 debug\s3eWebView_platform.os
 .rel.text.IwDebugAssertShow
                0x00000000        0x0 debug\s3eWebView_platform.os
 .rel.text.IwDebugTraceChannelSwitch
                0x00000000        0x0 debug\s3eWebView_platform.os
 *(.rel.fini)
 *(.rel.rodata .rel.rodata.* .rel.gnu.linkonce.r.*)
 .rel.rodata    0x00000bec       0x60 debug\s3eWebView_platform.os
 *(.rel.data.rel.ro* .rel.gnu.linkonce.d.rel.ro.*)
 *(.rel.data .rel.data.* .rel.gnu.linkonce.d.*)
 *(.rel.tdata .rel.tdata.* .rel.gnu.linkonce.td.*)
 *(.rel.tbss .rel.tbss.* .rel.gnu.linkonce.tb.*)
 *(.rel.ctors)
 *(.rel.dtors)
 *(.rel.got)
 .rel.got       0x00000000        0x0 debug\s3eWebView_platform.os
 *(.rel.bss .rel.bss.* .rel.gnu.linkonce.b.*)
 *(.rel.ifunc)
 .rel.init_array
                0x00000c4c        0x8 debug\s3eWebView_platform.os

.rela.dyn
 *(.rela.init)
 *(.rela.text .rela.text.* .rela.gnu.linkonce.t.*)
 *(.rela.fini)
 *(.rela.rodata .rela.rodata.* .rela.gnu.linkonce.r.*)
 *(.rela.data .rela.data.* .rela.gnu.linkonce.d.*)
 *(.rela.tdata .rela.tdata.* .rela.gnu.linkonce.td.*)
 *(.rela.tbss .rela.tbss.* .rela.gnu.linkonce.tb.*)
 *(.rela.ctors)
 *(.rela.dtors)
 *(.rela.got)
 *(.rela.bss .rela.bss.* .rela.gnu.linkonce.b.*)
 *(.rela.ifunc)

.rel.plt        0x00000c54       0xb0
 *(.rel.plt)
 .rel.plt       0x00000c54       0xb0 debug\s3eWebView_platform.os
 *(.rel.iplt)

.rela.plt
 *(.rela.plt)
 *(.rela.iplt)

.init
 *(.init)

.plt            0x00000d04      0x11c
 *(.plt)
 .plt           0x00000d04      0x11c debug\s3eWebView_platform.os
 *(.iplt)

.text           0x00000e20     0x2500
 *(.text .stub .text.* .gnu.linkonce.t.*)
 .text._ZN7_JNIEnv9FindClassEPKc
                0x00000e20       0x40 debug\s3eWebView_platform.os
                0x00000e20                _JNIEnv::FindClass(char const*)
 .text._ZN7_JNIEnv17ExceptionOccurredEv
                0x00000e60       0x38 debug\s3eWebView_platform.os
                0x00000e60                _JNIEnv::ExceptionOccurred()
 .text._ZN7_JNIEnv17ExceptionDescribeEv
                0x00000e98       0x30 debug\s3eWebView_platform.os
                0x00000e98                _JNIEnv::ExceptionDescribe()
 .text._ZN7_JNIEnv14ExceptionClearEv
                0x00000ec8       0x30 debug\s3eWebView_platform.os
                0x00000ec8                _JNIEnv::ExceptionClear()
 .text._ZN7_JNIEnv12NewGlobalRefEP8_jobject
                0x00000ef8       0x40 debug\s3eWebView_platform.os
                0x00000ef8                _JNIEnv::NewGlobalRef(_jobject*)
 .text._ZN7_JNIEnv14DeleteLocalRefEP8_jobject
                0x00000f38       0x38 debug\s3eWebView_platform.os
                0x00000f38                _JNIEnv::DeleteLocalRef(_jobject*)
 .text._ZN7_JNIEnv9NewObjectEP7_jclassP10_jmethodIDz
                0x00000f70       0x60 debug\s3eWebView_platform.os
                0x00000f70                _JNIEnv::NewObject(_jclass*, _jmethodID*, ...)
 .text._ZN7_JNIEnv11GetMethodIDEP7_jclassPKcS3_
                0x00000fd0       0x50 debug\s3eWebView_platform.os
                0x00000fd0                _JNIEnv::GetMethodID(_jclass*, char const*, char const*)
 .text._ZN7_JNIEnv13CallIntMethodEP8_jobjectP10_jmethodIDz
                0x00001020       0x60 debug\s3eWebView_platform.os
                0x00001020                _JNIEnv::CallIntMethod(_jobject*, _jmethodID*, ...)
 .text._ZN7_JNIEnv10GetFieldIDEP7_jclassPKcS3_
                0x00001080       0x50 debug\s3eWebView_platform.os
                0x00001080                _JNIEnv::GetFieldID(_jclass*, char const*, char const*)
 .text._ZN7_JNIEnv14SetObjectFieldEP8_jobjectP9_jfieldIDS1_
                0x000010d0       0x48 debug\s3eWebView_platform.os
                0x000010d0                _JNIEnv::SetObjectField(_jobject*, _jfieldID*, _jobject*)
 .text._ZN7_JNIEnv12NewStringUTFEPKc
                0x00001118       0x40 debug\s3eWebView_platform.os
                0x00001118                _JNIEnv::NewStringUTF(char const*)
 .text._ZN7_JNIEnv17GetStringUTFCharsEP8_jstringPh
                0x00001158       0x48 debug\s3eWebView_platform.os
                0x00001158                _JNIEnv::GetStringUTFChars(_jstring*, unsigned char*)
 .text._ZN7_JNIEnv21ReleaseStringUTFCharsEP8_jstringPKc
                0x000011a0       0x40 debug\s3eWebView_platform.os
                0x000011a0                _JNIEnv::ReleaseStringUTFChars(_jstring*, char const*)
 .text._ZN7_JNIEnv15RegisterNativesEP7_jclassPK15JNINativeMethodi
                0x000011e0       0x50 debug\s3eWebView_platform.os
                0x000011e0                _JNIEnv::RegisterNatives(_jclass*, JNINativeMethod const*, int)
 .text._ZN7_JavaVM6GetEnvEPPvi
                0x00001230       0x48 debug\s3eWebView_platform.os
                0x00001230                _JavaVM::GetEnv(void**, int)
 .text._ZL15s3eEdkJNIGetEnvv
                0x00001278       0x48 debug\s3eWebView_platform.os
 .text._ZL27s3eEdkAndroidFindClass_realPKc
                0x000012c0       0x7c debug\s3eWebView_platform.os
 .text._ZL22s3eEdkAndroidFindClassPKc
                0x0000133c       0x38 debug\s3eWebView_platform.os
 .text._ZL17s3eWebViewLoadingP7_JNIEnvP8_jobjectiP8_jstring
                0x00001374      0x180 debug\s3eWebView_platform.os
 .text._ZL16s3eWebViewLoadedP7_JNIEnvP8_jobjectiP8_jstring
                0x000014f4       0xdc debug\s3eWebView_platform.os
 .text._ZL14s3eWebViewExecP7_JNIEnvP8_jobjectiP8_jstring
                0x000015d0       0xd4 debug\s3eWebView_platform.os
 .text._ZL16s3eWebViewFailedP7_JNIEnvP8_jobjectiP8_jstring
                0x000016a4       0xd4 debug\s3eWebView_platform.os
 .text._Z23s3eWebViewInit_platformv
                0x00001778      0x5e8 debug\s3eWebView_platform.os
                0x00001778                s3eWebViewInit_platform()
 .text._Z28s3eWebViewTerminate_platformv
                0x00001d60        0x4 debug\s3eWebView_platform.os
                0x00001d60                s3eWebViewTerminate_platform()
 .text._Z25s3eWebViewCreate_platformh
                0x00001d64       0x54 debug\s3eWebView_platform.os
                0x00001d64                s3eWebViewCreate_platform(unsigned char)
 .text._Z26s3eWebViewDestroy_platformP10s3eWebView
                0x00001db8       0x58 debug\s3eWebView_platform.os
                0x00001db8                s3eWebViewDestroy_platform(s3eWebView*)
 .text._Z23s3eWebViewHide_platformP10s3eWebView
                0x00001e10       0x50 debug\s3eWebView_platform.os
                0x00001e10                s3eWebViewHide_platform(s3eWebView*)
 .text._Z23s3eWebViewShow_platformP10s3eWebViewiiii15s3eWebViewFlags
                0x00001e60       0x7c debug\s3eWebView_platform.os
                0x00001e60                s3eWebViewShow_platform(s3eWebView*, int, int, int, int, s3eWebViewFlags)
 .text._Z29s3eWebViewClearCache_platformP10s3eWebView
                0x00001edc       0x50 debug\s3eWebView_platform.os
                0x00001edc                s3eWebViewClearCache_platform(s3eWebView*)
 .text._Z30s3eWebViewCreateModal_platformPKc
                0x00001f2c       0x6c debug\s3eWebView_platform.os
                0x00001f2c                s3eWebViewCreateModal_platform(char const*)
 .text._Z27s3eWebViewNavigate_platformP10s3eWebViewPKc
                0x00001f98       0xcc debug\s3eWebView_platform.os
                0x00001f98                s3eWebViewNavigate_platform(s3eWebView*, char const*)
 .text._Z33s3eWebViewSendJavaScript_platformP10s3eWebViewPKc
                0x00002064       0xb4 debug\s3eWebView_platform.os
                0x00002064                s3eWebViewSendJavaScript_platform(s3eWebView*, char const*)
 .text._Z25s3eWebViewResize_platformP10s3eWebViewiiii
                0x00002118       0x7c debug\s3eWebView_platform.os
                0x00002118                s3eWebViewResize_platform(s3eWebView*, int, int, int, int)
 .text._Z36s3eWebViewGetHandleProperty_platformP10s3eWebView24s3eWebViewHandleProperty
                0x00002194       0xb0 debug\s3eWebView_platform.os
                0x00002194                s3eWebViewGetHandleProperty_platform(s3eWebView*, s3eWebViewHandleProperty)
 .text._Z14s3eWebViewInitv
                0x00002244       0x18 debug\s3eWebView.os
                0x00002244                s3eWebViewInit()
 .text._Z19s3eWebViewTerminatev
                0x0000225c       0x10 debug\s3eWebView.os
                0x0000225c                s3eWebViewTerminate()
 .text.s3eWebViewRegister
                0x0000226c       0x5c debug\s3eWebView.os
                0x0000226c                s3eWebViewRegister
 .text.s3eWebViewUnRegister
                0x000022c8       0x48 debug\s3eWebView.os
                0x000022c8                s3eWebViewUnRegister
 .text.s3eWebViewCreate
                0x00002310       0x30 debug\s3eWebView.os
                0x00002310                s3eWebViewCreate
 .text.s3eWebViewDestroy
                0x00002340       0x50 debug\s3eWebView.os
                0x00002340                s3eWebViewDestroy
 .text.s3eWebViewHide
                0x00002390       0x50 debug\s3eWebView.os
                0x00002390                s3eWebViewHide
 .text.s3eWebViewShow
                0x000023e0      0x114 debug\s3eWebView.os
                0x000023e0                s3eWebViewShow
 .text.s3eWebViewCreateModal
                0x000024f4       0x50 debug\s3eWebView.os
                0x000024f4                s3eWebViewCreateModal
 .text.s3eWebViewNavigate
                0x00002544       0x64 debug\s3eWebView.os
                0x00002544                s3eWebViewNavigate
 .text.s3eWebViewClearCache
                0x000025a8       0x50 debug\s3eWebView.os
                0x000025a8                s3eWebViewClearCache
 .text.s3eWebViewSendJavaScript
                0x000025f8       0x64 debug\s3eWebView.os
                0x000025f8                s3eWebViewSendJavaScript
 .text.s3eWebViewResize
                0x0000265c      0x10c debug\s3eWebView.os
                0x0000265c                s3eWebViewResize
 .text.s3eWebViewGetHandleProperty
                0x00002768       0x50 debug\s3eWebView.os
                0x00002768                s3eWebViewGetHandleProperty
 .text.s3eWebViewGetErrorString
                0x000027b8        0xc debug\s3eWebView_register.os
                0x000027b8                s3eWebViewGetErrorString
 .text.s3eWebViewGetError
                0x000027c4       0x20 debug\s3eWebView_register.os
                0x000027c4                s3eWebViewGetError
 .text._ZL21s3eWebViewCreate_wraph
                0x000027e4       0x80 debug\s3eWebView_register.os
 .text._ZL23s3eWebViewNavigate_wrapP10s3eWebViewPKc
                0x00002864       0x80 debug\s3eWebView_register.os
 .text._ZL22s3eWebViewDestroy_wrapP10s3eWebView
                0x000028e4       0x78 debug\s3eWebView_register.os
 .text._ZL19s3eWebViewHide_wrapP10s3eWebView
                0x0000295c       0x78 debug\s3eWebView_register.os
 .text._ZL19s3eWebViewShow_wrapP10s3eWebViewiiii15s3eWebViewFlags
                0x000029d4       0xa8 debug\s3eWebView_register.os
 .text._ZL25s3eWebViewClearCache_wrapP10s3eWebView
                0x00002a7c       0x78 debug\s3eWebView_register.os
 .text._ZL29s3eWebViewSendJavaScript_wrapP10s3eWebViewPKc
                0x00002af4       0x80 debug\s3eWebView_register.os
 .text._ZL21s3eWebViewResize_wrapP10s3eWebViewiiii
                0x00002b74       0xa0 debug\s3eWebView_register.os
 .text._ZL32s3eWebViewGetHandleProperty_wrapP10s3eWebView24s3eWebViewHandleProperty
                0x00002c14       0x80 debug\s3eWebView_register.os
 .text._Z21s3eWebViewRegisterExtv
                0x00002c94      0x1a4 debug\s3eWebView_register.os
                0x00002c94                s3eWebViewRegisterExt()
 .text.RegisterExt
                0x00002e38       0x10 debug\s3eWebView_register.os
                0x00002e38                RegisterExt
 .text.IwDebugTraceSetTraceChannel
                0x00002e48       0x18 D:\perforce\sdk\teams\orange\feature3\s3e\edk\lib\android\libedk.a(IwDebug.o)
                0x00002e48                IwDebugTraceSetTraceChannel
 .text._GLOBAL__I_g_DebugGlobals
                0x00002e60       0x8c D:\perforce\sdk\teams\orange\feature3\s3e\edk\lib\android\libedk.a(IwDebug.o)
 .text.IwDebugTraceLineVPrintf
                0x00002eec       0xe8 D:\perforce\sdk\teams\orange\feature3\s3e\edk\lib\android\libedk.a(IwDebug.o)
                0x00002eec                IwDebugTraceLineVPrintf
 .text.IwDebugTraceLinePrintf
                0x00002fd4       0x30 D:\perforce\sdk\teams\orange\feature3\s3e\edk\lib\android\libedk.a(IwDebug.o)
                0x00002fd4                IwDebugTraceLinePrintf
 .text.IwDebugTraceIsChannelOn
                0x00003004      0x278 D:\perforce\sdk\teams\orange\feature3\s3e\edk\lib\android\libedk.a(IwDebug.o)
                0x00003004                IwDebugTraceIsChannelOn
 .text.s3eEdkThreadRunOnOS
                0x0000327c       0x30 D:\perforce\sdk\teams\orange\feature3\s3e\edk\lib\android\libedk.a(edk_helpers.o)
                0x0000327c                s3eEdkThreadRunOnOS
 *fill*         0x000032ac        0x4 00000000
 .text.s3eEdkThreadRunOnOS.stub
                0x000032b0       0x70 linker stubs
 *(.gnu.warning)
 *(.glue_7t)
 .glue_7t       0x00000000        0x0 linker stubs
 *(.glue_7)
 .glue_7        0x00000000        0x0 linker stubs
 *(.vfp11_veneer)
 .vfp11_veneer  0x00000000        0x0 linker stubs
 *(.v4_bx)
 .v4_bx         0x00000000        0x0 linker stubs

.fini
 *(.fini)
                0x00003320                PROVIDE (__etext, .)
                0x00003320                PROVIDE (_etext, .)
                0x00003320                PROVIDE (etext, .)

.rodata         0x00003320      0x784
 *(.rodata .rodata.* .gnu.linkonce.r.*)
 .rodata        0x00003320      0x3f0 debug\s3eWebView_platform.os
 .rodata        0x00003710       0x34 debug\s3eWebView.os
 .rodata        0x00003744      0x244 debug\s3eWebView_register.os
 .rodata.str1.4
                0x00003988      0x11c D:\perforce\sdk\teams\orange\feature3\s3e\edk\lib\android\libedk.a(IwDebug.o)
                                0x120 (size before relaxing)

.rodata1
 *(.rodata1)

.ARM.extab      0x00003aa4       0x78
 *(.ARM.extab* .gnu.linkonce.armextab.*)
 .ARM.extab.text._ZN7_JNIEnv9FindClassEPKc
                0x00003aa4        0x0 debug\s3eWebView_platform.os
 .ARM.extab.text._ZN7_JNIEnv17ExceptionOccurredEv
                0x00003aa4        0x0 debug\s3eWebView_platform.os
 .ARM.extab.text._ZN7_JNIEnv17ExceptionDescribeEv
                0x00003aa4        0x0 debug\s3eWebView_platform.os
 .ARM.extab.text._ZN7_JNIEnv14ExceptionClearEv
                0x00003aa4        0x0 debug\s3eWebView_platform.os
 .ARM.extab.text._ZN7_JNIEnv12NewGlobalRefEP8_jobject
                0x00003aa4        0x0 debug\s3eWebView_platform.os
 .ARM.extab.text._ZN7_JNIEnv14DeleteLocalRefEP8_jobject
                0x00003aa4        0x0 debug\s3eWebView_platform.os
 .ARM.extab.text._ZN7_JNIEnv9NewObjectEP7_jclassP10_jmethodIDz
                0x00003aa4        0xc debug\s3eWebView_platform.os
 .ARM.extab.text._ZN7_JNIEnv11GetMethodIDEP7_jclassPKcS3_
                0x00003ab0        0x0 debug\s3eWebView_platform.os
 .ARM.extab.text._ZN7_JNIEnv13CallIntMethodEP8_jobjectP10_jmethodIDz
                0x00003ab0        0xc debug\s3eWebView_platform.os
 .ARM.extab.text._ZN7_JNIEnv10GetFieldIDEP7_jclassPKcS3_
                0x00003abc        0x0 debug\s3eWebView_platform.os
 .ARM.extab.text._ZN7_JNIEnv14SetObjectFieldEP8_jobjectP9_jfieldIDS1_
                0x00003abc        0x0 debug\s3eWebView_platform.os
 .ARM.extab.text._ZN7_JNIEnv12NewStringUTFEPKc
                0x00003abc        0x0 debug\s3eWebView_platform.os
 .ARM.extab.text._ZN7_JNIEnv17GetStringUTFCharsEP8_jstringPh
                0x00003abc        0x0 debug\s3eWebView_platform.os
 .ARM.extab.text._ZN7_JNIEnv21ReleaseStringUTFCharsEP8_jstringPKc
                0x00003abc        0x0 debug\s3eWebView_platform.os
 .ARM.extab.text._ZN7_JNIEnv15RegisterNativesEP7_jclassPK15JNINativeMethodi
                0x00003abc        0x0 debug\s3eWebView_platform.os
 .ARM.extab.text._ZN7_JavaVM6GetEnvEPPvi
                0x00003abc        0x0 debug\s3eWebView_platform.os
 .ARM.extab.text._Z23s3eWebViewInit_platformv
                0x00003abc        0xc debug\s3eWebView_platform.os
 .ARM.extab.text._Z14s3eWebViewInitv
                0x00003ac8        0xc debug\s3eWebView.os
 .ARM.extab.text._Z19s3eWebViewTerminatev
                0x00003ad4        0xc debug\s3eWebView.os
 .ARM.extab.text.s3eWebViewGetError
                0x00003ae0        0xc debug\s3eWebView_register.os
 .ARM.extab.text.RegisterExt
                0x00003aec        0xc debug\s3eWebView_register.os
 .ARM.extab.text.IwDebugTraceLineVPrintf
                0x00003af8        0xc D:\perforce\sdk\teams\orange\feature3\s3e\edk\lib\android\libedk.a(IwDebug.o)
 .ARM.extab.text.IwDebugTraceLinePrintf
                0x00003b04        0xc D:\perforce\sdk\teams\orange\feature3\s3e\edk\lib\android\libedk.a(IwDebug.o)
 .ARM.extab.text.s3eEdkThreadRunOnOS
                0x00003b10        0xc D:\perforce\sdk\teams\orange\feature3\s3e\edk\lib\android\libedk.a(edk_helpers.o)
                0x00003b1c                PROVIDE (__exidx_start, .)

.ARM.exidx      0x00003b1c      0x160
 *(.ARM.exidx* .gnu.linkonce.armexidx.*)
 .ARM.exidx.text._ZN7_JNIEnv9FindClassEPKc
                0x00003b1c        0x8 debug\s3eWebView_platform.os
 .ARM.exidx.text._ZN7_JNIEnv17ExceptionOccurredEv
                0x00003b24        0x0 debug\s3eWebView_platform.os
                                  0x8 (size before relaxing)
 .ARM.exidx.text._ZN7_JNIEnv17ExceptionDescribeEv
                0x00003b24        0x0 debug\s3eWebView_platform.os
                                  0x8 (size before relaxing)
 .ARM.exidx.text._ZN7_JNIEnv14ExceptionClearEv
                0x00003b24        0x0 debug\s3eWebView_platform.os
                                  0x8 (size before relaxing)
 .ARM.exidx.text._ZN7_JNIEnv12NewGlobalRefEP8_jobject
                0x00003b24        0x0 debug\s3eWebView_platform.os
                                  0x8 (size before relaxing)
 .ARM.exidx.text._ZN7_JNIEnv14DeleteLocalRefEP8_jobject
                0x00003b24        0x0 debug\s3eWebView_platform.os
                                  0x8 (size before relaxing)
 .ARM.exidx.text._ZN7_JNIEnv9NewObjectEP7_jclassP10_jmethodIDz
                0x00003b24        0x8 debug\s3eWebView_platform.os
 .ARM.exidx.text._ZN7_JNIEnv11GetMethodIDEP7_jclassPKcS3_
                0x00003b2c        0x8 debug\s3eWebView_platform.os
 .ARM.exidx.text._ZN7_JNIEnv13CallIntMethodEP8_jobjectP10_jmethodIDz
                0x00003b34        0x8 debug\s3eWebView_platform.os
 .ARM.exidx.text._ZN7_JNIEnv10GetFieldIDEP7_jclassPKcS3_
                0x00003b3c        0x8 debug\s3eWebView_platform.os
 .ARM.exidx.text._ZN7_JNIEnv14SetObjectFieldEP8_jobjectP9_jfieldIDS1_
                0x00003b44        0x0 debug\s3eWebView_platform.os
                                  0x8 (size before relaxing)
 .ARM.exidx.text._ZN7_JNIEnv12NewStringUTFEPKc
                0x00003b44        0x8 debug\s3eWebView_platform.os
 .ARM.exidx.text._ZN7_JNIEnv17GetStringUTFCharsEP8_jstringPh
                0x00003b4c        0x8 debug\s3eWebView_platform.os
 .ARM.exidx.text._ZN7_JNIEnv21ReleaseStringUTFCharsEP8_jstringPKc
                0x00003b54        0x0 debug\s3eWebView_platform.os
                                  0x8 (size before relaxing)
 .ARM.exidx.text._ZN7_JNIEnv15RegisterNativesEP7_jclassPK15JNINativeMethodi
                0x00003b54        0x0 debug\s3eWebView_platform.os
                                  0x8 (size before relaxing)
 .ARM.exidx.text._ZN7_JavaVM6GetEnvEPPvi
                0x00003b54        0x0 debug\s3eWebView_platform.os
                                  0x8 (size before relaxing)
 .ARM.exidx.text._ZL15s3eEdkJNIGetEnvv
                0x00003b54        0x8 debug\s3eWebView_platform.os
 .ARM.exidx.text._ZL27s3eEdkAndroidFindClass_realPKc
                0x00003b5c        0x8 debug\s3eWebView_platform.os
 .ARM.exidx.text._ZL22s3eEdkAndroidFindClassPKc
                0x00003b64        0x8 debug\s3eWebView_platform.os
 .ARM.exidx.text._ZL17s3eWebViewLoadingP7_JNIEnvP8_jobjectiP8_jstring
                0x00003b6c        0x8 debug\s3eWebView_platform.os
 .ARM.exidx.text._ZL16s3eWebViewLoadedP7_JNIEnvP8_jobjectiP8_jstring
                0x00003b74        0x0 debug\s3eWebView_platform.os
                                  0x8 (size before relaxing)
 .ARM.exidx.text._ZL14s3eWebViewExecP7_JNIEnvP8_jobjectiP8_jstring
                0x00003b74        0x0 debug\s3eWebView_platform.os
                                  0x8 (size before relaxing)
 .ARM.exidx.text._ZL16s3eWebViewFailedP7_JNIEnvP8_jobjectiP8_jstring
                0x00003b74        0x0 debug\s3eWebView_platform.os
                                  0x8 (size before relaxing)
 .ARM.exidx.text._Z23s3eWebViewInit_platformv
                0x00003b74        0x8 debug\s3eWebView_platform.os
 .ARM.exidx.text._Z28s3eWebViewTerminate_platformv
                0x00003b7c        0x8 debug\s3eWebView_platform.os
 .ARM.exidx.text._Z25s3eWebViewCreate_platformh
                0x00003b84        0x8 debug\s3eWebView_platform.os
 .ARM.exidx.text._Z26s3eWebViewDestroy_platformP10s3eWebView
                0x00003b8c        0x0 debug\s3eWebView_platform.os
                                  0x8 (size before relaxing)
 .ARM.exidx.text._Z23s3eWebViewHide_platformP10s3eWebView
                0x00003b8c        0x0 debug\s3eWebView_platform.os
                                  0x8 (size before relaxing)
 .ARM.exidx.text._Z23s3eWebViewShow_platformP10s3eWebViewiiii15s3eWebViewFlags
                0x00003b8c        0x8 debug\s3eWebView_platform.os
 .ARM.exidx.text._Z29s3eWebViewClearCache_platformP10s3eWebView
                0x00003b94        0x8 debug\s3eWebView_platform.os
 .ARM.exidx.text._Z30s3eWebViewCreateModal_platformPKc
                0x00003b9c        0x0 debug\s3eWebView_platform.os
                                  0x8 (size before relaxing)
 .ARM.exidx.text._Z27s3eWebViewNavigate_platformP10s3eWebViewPKc
                0x00003b9c        0x8 debug\s3eWebView_platform.os
 .ARM.exidx.text._Z33s3eWebViewSendJavaScript_platformP10s3eWebViewPKc
                0x00003ba4        0x0 debug\s3eWebView_platform.os
                                  0x8 (size before relaxing)
 .ARM.exidx.text._Z25s3eWebViewResize_platformP10s3eWebViewiiii
                0x00003ba4        0x8 debug\s3eWebView_platform.os
 .ARM.exidx.text._Z36s3eWebViewGetHandleProperty_platformP10s3eWebView24s3eWebViewHandleProperty
                0x00003bac        0x8 debug\s3eWebView_platform.os
 .ARM.exidx.text._Z14s3eWebViewInitv
                0x00003bb4        0x8 debug\s3eWebView.os
 .ARM.exidx.text._Z19s3eWebViewTerminatev
                0x00003bbc        0x8 debug\s3eWebView.os
 .ARM.exidx.text.s3eWebViewRegister
                0x00003bc4        0x8 debug\s3eWebView.os
 .ARM.exidx.text.s3eWebViewUnRegister
                0x00003bcc        0x8 debug\s3eWebView.os
 .ARM.exidx.text.s3eWebViewCreate
                0x00003bd4        0x8 debug\s3eWebView.os
 .ARM.exidx.text.s3eWebViewDestroy
                0x00003bdc        0x0 debug\s3eWebView.os
                                  0x8 (size before relaxing)
 .ARM.exidx.text.s3eWebViewHide
                0x00003bdc        0x0 debug\s3eWebView.os
                                  0x8 (size before relaxing)
 .ARM.exidx.text.s3eWebViewShow
                0x00003bdc        0x8 debug\s3eWebView.os
 .ARM.exidx.text.s3eWebViewCreateModal
                0x00003be4        0x8 debug\s3eWebView.os
 .ARM.exidx.text.s3eWebViewNavigate
                0x00003bec        0x0 debug\s3eWebView.os
                                  0x8 (size before relaxing)
 .ARM.exidx.text.s3eWebViewClearCache
                0x00003bec        0x0 debug\s3eWebView.os
                                  0x8 (size before relaxing)
 .ARM.exidx.text.s3eWebViewSendJavaScript
                0x00003bec        0x0 debug\s3eWebView.os
                                  0x8 (size before relaxing)
 .ARM.exidx.text.s3eWebViewResize
                0x00003bec        0x8 debug\s3eWebView.os
 .ARM.exidx.text.s3eWebViewGetHandleProperty
                0x00003bf4        0x8 debug\s3eWebView.os
 .ARM.exidx.text.s3eWebViewGetErrorString
                0x00003bfc        0x8 debug\s3eWebView_register.os
 .ARM.exidx.text.s3eWebViewGetError
                0x00003c04        0x8 debug\s3eWebView_register.os
 .ARM.exidx.text._ZL21s3eWebViewCreate_wraph
                0x00003c0c        0x8 debug\s3eWebView_register.os
 .ARM.exidx.text._ZL23s3eWebViewNavigate_wrapP10s3eWebViewPKc
                0x00003c14        0x0 debug\s3eWebView_register.os
                                  0x8 (size before relaxing)
 .ARM.exidx.text._ZL22s3eWebViewDestroy_wrapP10s3eWebView
                0x00003c14        0x0 debug\s3eWebView_register.os
                                  0x8 (size before relaxing)
 .ARM.exidx.text._ZL19s3eWebViewHide_wrapP10s3eWebView
                0x00003c14        0x0 debug\s3eWebView_register.os
                                  0x8 (size before relaxing)
 .ARM.exidx.text._ZL19s3eWebViewShow_wrapP10s3eWebViewiiii15s3eWebViewFlags
                0x00003c14        0x8 debug\s3eWebView_register.os
 .ARM.exidx.text._ZL25s3eWebViewClearCache_wrapP10s3eWebView
                0x00003c1c        0x8 debug\s3eWebView_register.os
 .ARM.exidx.text._ZL29s3eWebViewSendJavaScript_wrapP10s3eWebViewPKc
                0x00003c24        0x0 debug\s3eWebView_register.os
                                  0x8 (size before relaxing)
 .ARM.exidx.text._ZL21s3eWebViewResize_wrapP10s3eWebViewiiii
                0x00003c24        0x8 debug\s3eWebView_register.os
 .ARM.exidx.text._ZL32s3eWebViewGetHandleProperty_wrapP10s3eWebView24s3eWebViewHandleProperty
                0x00003c2c        0x8 debug\s3eWebView_register.os
 .ARM.exidx.text._Z21s3eWebViewRegisterExtv
                0x00003c34        0x8 debug\s3eWebView_register.os
 .ARM.exidx.text.RegisterExt
                0x00003c3c        0x8 debug\s3eWebView_register.os
 .ARM.exidx.text.IwDebugTraceSetTraceChannel
                0x00003c44        0x8 D:\perforce\sdk\teams\orange\feature3\s3e\edk\lib\android\libedk.a(IwDebug.o)
 .ARM.exidx.text._GLOBAL__I_g_DebugGlobals
                0x00003c4c        0x8 D:\perforce\sdk\teams\orange\feature3\s3e\edk\lib\android\libedk.a(IwDebug.o)
 .ARM.exidx.text.IwDebugTraceLineVPrintf
                0x00003c54        0x8 D:\perforce\sdk\teams\orange\feature3\s3e\edk\lib\android\libedk.a(IwDebug.o)
 .ARM.exidx.text.IwDebugTraceLinePrintf
                0x00003c5c        0x8 D:\perforce\sdk\teams\orange\feature3\s3e\edk\lib\android\libedk.a(IwDebug.o)
 .ARM.exidx.text.IwDebugTraceIsChannelOn
                0x00003c64        0x8 D:\perforce\sdk\teams\orange\feature3\s3e\edk\lib\android\libedk.a(IwDebug.o)
 .ARM.exidx.text.s3eEdkThreadRunOnOS
                0x00003c6c       0x10 D:\perforce\sdk\teams\orange\feature3\s3e\edk\lib\android\libedk.a(edk_helpers.o)
                                  0x8 (size before relaxing)
                0x00003c7c                PROVIDE (__exidx_end, .)

.eh_frame_hdr
 *(.eh_frame_hdr)

.eh_frame
 *(.eh_frame)

.gcc_except_table
 *(.gcc_except_table .gcc_except_table.*)
                0x00003c7c                . = (ALIGN (0x8000) - ((0x8000 - .) & 0x7fff))
                0x0000c000                . = (0x8000 DATA_SEGMENT_ALIGN 0x1000)

.eh_frame
 *(.eh_frame)

.gcc_except_table
 *(.gcc_except_table .gcc_except_table.*)

.tdata
 *(.tdata .tdata.* .gnu.linkonce.td.*)

.tbss
 *(.tbss .tbss.* .gnu.linkonce.tb.*)
 *(.tcommon)

.preinit_array
 *(.preinit_array)

.init_array     0x0000c000        0x4
 *(SORT(.init_array.*))
 *(.init_array)
 .init_array    0x0000c000        0x4 D:\perforce\sdk\teams\orange\feature3\s3e\edk\lib\android\libedk.a(IwDebug.o)

.fini_array
 *(SORT(.fini_array.*))
 *(.fini_array)

.ctors
 *crtbegin.o(.ctors)
 *crtbegin?.o(.ctors)
 *(EXCLUDE_FILE(*crtend?.o *crtend.o) .ctors)
 *(SORT(.ctors.*))
 *(.ctors)

.dtors
 *crtbegin.o(.dtors)
 *crtbegin?.o(.dtors)
 *(EXCLUDE_FILE(*crtend?.o *crtend.o) .dtors)
 *(SORT(.dtors.*))
 *(.dtors)

.jcr
 *(.jcr)

.data.rel.ro
 *(.data.rel.ro.local* .gnu.linkonce.d.rel.ro.local.*)
 *(.data.rel.ro* .gnu.linkonce.d.rel.ro.*)

.dynamic        0x0000c004       0xc0
 *(.dynamic)
 .dynamic       0x0000c004       0xc0 debug\s3eWebView_platform.os
                0x0000c004                _DYNAMIC
                0x0000c0c4                . = (. DATA_SEGMENT_RELRO_END 0x0)

.got            0x0000c0c4       0x64
 *(.got.plt)
 .got.plt       0x0000c0c4       0x64 debug\s3eWebView_platform.os
                0x0000c0c4                _GLOBAL_OFFSET_TABLE_
 *(.igot.plt)
 *(.got)
 .got           0x00000000        0x0 debug\s3eWebView_platform.os
 *(.igot)

.data           0x0000c128        0x0
                0x0000c128                __data_start = .
 *(.data .data.* .gnu.linkonce.d.*)

.data1
 *(.data1)
                0x0000c128                _edata = .
                0x0000c128                PROVIDE (edata, .)
                0x0000c128                __bss_start = .
                0x0000c128                __bss_start__ = .

.bss            0x0000c128     0x1a54
 *(.dynbss)
 .dynbss        0x00000000        0x0 debug\s3eWebView_platform.os
 *(.bss .bss.* .gnu.linkonce.b.*)
 .bss           0x0000c128       0x2c debug\s3eWebView_platform.os
 .bss           0x0000c154     0x1a28 D:\perforce\sdk\teams\orange\feature3\s3e\edk\lib\android\libedk.a(IwDebug.o)
                0x0000c154                g_DebugGlobals
 *(COMMON)
                0x0000db7c                . = ALIGN ((. != 0x0)?0x4:0x1)
                0x0000db7c                _bss_end__ = .
                0x0000db7c                __bss_end__ = .
                0x0000db7c                . = ALIGN (0x4)
                0x0000db7c                . = ALIGN (0x4)
                0x0000db7c                __end__ = .
                0x0000db7c                _end = .
                0x0000db7c                PROVIDE (end, .)
                0x0000db7c                . = DATA_SEGMENT_END (.)

.stab
 *(.stab)

.stabstr
 *(.stabstr)

.stab.excl
 *(.stab.excl)

.stab.exclstr
 *(.stab.exclstr)

.stab.index
 *(.stab.index)

.stab.indexstr
 *(.stab.indexstr)

.ARM.attributes
                0x00000000       0x2c
 .ARM.attributes
                0x00000000       0x2c debug\s3eWebView_platform.os
 .ARM.attributes
                0x0000002c       0x2c debug\s3eWebView.os
 .ARM.attributes
                0x00000058       0x2c debug\s3eWebView_register.os
 .ARM.attributes
                0x00000084       0x2c D:\perforce\sdk\teams\orange\feature3\s3e\edk\lib\android\libedk.a(IwDebug.o)
 .ARM.attributes
                0x000000b0       0x2c D:\perforce\sdk\teams\orange\feature3\s3e\edk\lib\android\libedk.a(edk_helpers.o)

.comment        0x00000000       0xd7
 *(.comment)
 .comment       0x00000000       0x2b debug\s3eWebView_platform.os
 .comment       0x0000002b       0x2b debug\s3eWebView.os
 .comment       0x00000056       0x2b debug\s3eWebView_register.os
 .comment       0x00000081       0x2b D:\perforce\sdk\teams\orange\feature3\s3e\edk\lib\android\libedk.a(IwDebug.o)
 .comment       0x000000ac       0x2b D:\perforce\sdk\teams\orange\feature3\s3e\edk\lib\android\libedk.a(edk_helpers.o)

.debug
 *(.debug)

.line
 *(.line)

.debug_srcinfo
 *(.debug_srcinfo)

.debug_sfnames
 *(.debug_sfnames)

.debug_aranges  0x00000000      0x238
 *(.debug_aranges)
 .debug_aranges
                0x00000000      0x130 debug\s3eWebView_platform.os
 .debug_aranges
                0x00000130       0x88 debug\s3eWebView.os
 .debug_aranges
                0x000001b8       0x80 debug\s3eWebView_register.os

.debug_pubnames
                0x00000000      0x513
 *(.debug_pubnames)
 .debug_pubnames
                0x00000000      0x349 debug\s3eWebView_platform.os
 .debug_pubnames
                0x00000349      0x15a debug\s3eWebView.os
 .debug_pubnames
                0x000004a3       0x70 debug\s3eWebView_register.os

.debug_info     0x00000000     0x6b8b
 *(.debug_info .gnu.linkonce.wi.*)
 .debug_info    0x00000000     0x620a debug\s3eWebView_platform.os
 .debug_info    0x0000620a      0x544 debug\s3eWebView.os
 .debug_info    0x0000674e      0x43d debug\s3eWebView_register.os

.debug_abbrev   0x00000000      0x4fc
 *(.debug_abbrev)
 .debug_abbrev  0x00000000      0x2b8 debug\s3eWebView_platform.os
 .debug_abbrev  0x000002b8      0x111 debug\s3eWebView.os
 .debug_abbrev  0x000003c9      0x133 debug\s3eWebView_register.os

.debug_line     0x00000000      0x840
 *(.debug_line)
 .debug_line    0x00000000      0x497 debug\s3eWebView_platform.os
 .debug_line    0x00000497      0x1ea debug\s3eWebView.os
 .debug_line    0x00000681      0x1bf debug\s3eWebView_register.os

.debug_frame    0x00000000      0x6d4
 *(.debug_frame)
 .debug_frame   0x00000000      0x3dc debug\s3eWebView_platform.os
 .debug_frame   0x000003dc      0x190 debug\s3eWebView.os
 .debug_frame   0x0000056c      0x168 debug\s3eWebView_register.os

.debug_str      0x00000000     0x51a8
 *(.debug_str)
 .debug_str     0x00000000     0x4d78 debug\s3eWebView_platform.os
                               0x4f3e (size before relaxing)
 .debug_str     0x00004d78      0x28b debug\s3eWebView.os
                                0x5fb (size before relaxing)
 .debug_str     0x00005003      0x1a5 debug\s3eWebView_register.os
                                0x4a7 (size before relaxing)

.debug_loc      0x00000000      0x9fe
 *(.debug_loc)
 .debug_loc     0x00000000      0x5cf debug\s3eWebView_platform.os
 .debug_loc     0x000005cf      0x242 debug\s3eWebView.os
 .debug_loc     0x00000811      0x1ed debug\s3eWebView_register.os

.debug_macinfo
 *(.debug_macinfo)

.debug_weaknames
 *(.debug_weaknames)

.debug_funcnames
 *(.debug_funcnames)

.debug_typenames
 *(.debug_typenames)

.debug_varnames
 *(.debug_varnames)

.debug_pubtypes
 *(.debug_pubtypes)

.debug_ranges   0x00000000      0x220
 *(.debug_ranges)
 .debug_ranges  0x00000000      0x128 debug\s3eWebView_platform.os
 .debug_ranges  0x00000128       0x80 debug\s3eWebView.os
 .debug_ranges  0x000001a8       0x78 debug\s3eWebView_register.os

.gnu.attributes
 *(.gnu.attributes)

.note.gnu.arm.ident
 *(.note.gnu.arm.ident)

/DISCARD/
 *(.note.GNU-stack)
 *(.gnu_debuglink)
OUTPUT(D:\perforce\sdk\teams\orange\feature3\extensions\s3ewebview\lib\android\libs3eWebView_d.so elf32-littlearm)
